// Jest Snapshot v1, https://goo.gl/fbAQLP

exports[`<GraphTimeButtons> renders with provided props 1`] = `
<GraphTimeButtons
  activeID="not sure what this should be"
  onClick={[Function]}
  otherProps="I don't get passed through =("
>
  <ButtonGroup
    basic={true}
    className="graph-time-options"
  >
    <div
      className="ui basic buttons graph-time-options"
    >
      <GraphButton
        activeID="not sure what this should be"
        id="Weekly"
        onClick={[Function]}
      >
        <Button
          active={false}
          as="button"
          id="Weekly"
          onClick={[Function]}
        >
          <button
            className="ui button"
            id="Weekly"
            onClick={[Function]}
            role="button"
          >
            Weekly
          </button>
        </Button>
      </GraphButton>
      <GraphButton
        activeID="not sure what this should be"
        id="Monthly"
        onClick={[Function]}
      >
        <Button
          active={false}
          as="button"
          id="Monthly"
          onClick={[Function]}
        >
          <button
            className="ui button"
            id="Monthly"
            onClick={[Function]}
            role="button"
          >
            Monthly
          </button>
        </Button>
      </GraphButton>
      <GraphButton
        activeID="not sure what this should be"
        id="Yearly"
        onClick={[Function]}
      >
        <Button
          active={false}
          as="button"
          id="Yearly"
          onClick={[Function]}
        >
          <button
            className="ui button"
            id="Yearly"
            onClick={[Function]}
            role="button"
          >
            Yearly
          </button>
        </Button>
      </GraphButton>
    </div>
  </ButtonGroup>
</GraphTimeButtons>
`;
